[template.gentechtreedesign.com/html/streamlab/red-html/movies-home.html]
[backblue.gif]
[fade.gif]
[index.html]
[template.gentechtreedesign.com/html/streamlab/red-html/images/favicon.png]
[template.gentechtreedesign.com/html/streamlab/red-html/images/logo-1.png]
[template.gentechtreedesign.com/html/streamlab/red-html/index.html]
[template.gentechtreedesign.com/html/streamlab/red-html/tv-shows-home.html]
[template.gentechtreedesign.com/html/streamlab/red-html/movies-load-more.html]
[template.gentechtreedesign.com/html/streamlab/red-html/movies-infinite-scroll.html]
[template.gentechtreedesign.com/html/streamlab/red-html/video-home.html]
[template.gentechtreedesign.com/html/streamlab/red-html/movies-pagination.html]
[template.gentechtreedesign.com/html/streamlab/red-html/movies-style-1.html]
[template.gentechtreedesign.com/html/streamlab/red-html/movies-style-2.html]
[template.gentechtreedesign.com/html/streamlab/red-html/movies-style-3.html]
[template.gentechtreedesign.com/html/streamlab/red-html/single-movie.html]
[template.gentechtreedesign.com/html/streamlab/red-html/tv-shows-load-more.html]
[template.gentechtreedesign.com/html/streamlab/red-html/tv-shows-infinite-scroll.html]
[template.gentechtreedesign.com/html/streamlab/red-html/tv-shows-pagination.html]
[template.gentechtreedesign.com/html/streamlab/red-html/tv-shows-style-1.html]
[template.gentechtreedesign.com/html/streamlab/red-html/tv-shows-style-2.html]
[template.gentechtreedesign.com/html/streamlab/red-html/tv-shows-style-3.html]
[template.gentechtreedesign.com/html/streamlab/red-html/single-tv-shows.html]
[template.gentechtreedesign.com/html/streamlab/red-html/single-episode.html]
[template.gentechtreedesign.com/html/streamlab/red-html/video-load-more.html]
[template.gentechtreedesign.com/html/streamlab/red-html/video-infinite-scroll.html]
[template.gentechtreedesign.com/html/streamlab/red-html/video-pagination.html]
[template.gentechtreedesign.com/html/streamlab/red-html/videos-style-1.html]
[template.gentechtreedesign.com/html/streamlab/red-html/videos-style-2.html]
[template.gentechtreedesign.com/html/streamlab/red-html/videos-style-3.html]
[template.gentechtreedesign.com/html/streamlab/red-html/single-videos.html]
[template.gentechtreedesign.com/html/streamlab/red-html/blog-left-sidebar.html]
[template.gentechtreedesign.com/html/streamlab/red-html/blog-right-sidebar.html]
[template.gentechtreedesign.com/html/streamlab/red-html/pricing-style-1.html]
[template.gentechtreedesign.com/html/streamlab/red-html/pricing-style-2.html]
[template.gentechtreedesign.com/html/streamlab/red-html/contact-us.html]
[template.gentechtreedesign.com/html/streamlab/red-html/log-in.html]
[template.gentechtreedesign.com/html/streamlab/red-html/register.html]
[template.gentechtreedesign.com/html/streamlab/red-html/library.html]
[template.gentechtreedesign.com/html/streamlab/red-html/upload-video.html]
[template.gentechtreedesign.com/html/streamlab/red-html/images/background/asset-9.jpg]
[template.gentechtreedesign.com/html/streamlab/red-html/images/asset-2.png]
[template.gentechtreedesign.com/html/streamlab/red-html/action.html]
[template.gentechtreedesign.com/html/streamlab/red-html/images/background/asset-52.jpg]
[template.gentechtreedesign.com/html/streamlab/red-html/images/background/asset-24.jpg]
[template.gentechtreedesign.com/html/streamlab/red-html/images/background/asset-53.jpg]
[template.gentechtreedesign.com/html/streamlab/red-html/images/background/asset-32.jpg]
[template.gentechtreedesign.com/html/streamlab/red-html/images/background/asset-14.jpg]
[template.gentechtreedesign.com/html/streamlab/red-html/images/background/asset-61.jpg]
[template.gentechtreedesign.com/html/streamlab/red-html/images/background/asset-25.jpg]
[template.gentechtreedesign.com/html/streamlab/red-html/images/background/asset-5.jpg]
[template.gentechtreedesign.com/html/streamlab/red-html/images/background/asset-6.jpg]
[template.gentechtreedesign.com/html/streamlab/red-html/images/background/asset-7.jpg]
[template.gentechtreedesign.com/html/streamlab/red-html/drama.html]
[template.gentechtreedesign.com/html/streamlab/red-html/images/background/asset-8.jpg]
[template.gentechtreedesign.com/html/streamlab/red-html/images/background/asset-4.jpg]
[template.gentechtreedesign.com/html/streamlab/red-html/images/background/asset-11.jpg]
[template.gentechtreedesign.com/html/streamlab/red-html/images/background/asset-12.jpg]
[template.gentechtreedesign.com/html/streamlab/red-html/images/background/asset-13.jpg]
[template.gentechtreedesign.com/html/streamlab/red-html/images/background/asset-10.jpg]
[template.gentechtreedesign.com/html/streamlab/red-html/images/background/asset-29.jpg]
[template.gentechtreedesign.com/html/streamlab/red-html/images/background/asset-30.jpg]
[template.gentechtreedesign.com/html/streamlab/red-html/images/background/asset-31.jpg]
[template.gentechtreedesign.com/html/streamlab/red-html/images/background/asset-33.jpg]
[template.gentechtreedesign.com/html/streamlab/red-html/images/background/asset-34.jpg]
[template.gentechtreedesign.com/html/streamlab/red-html/images/asset-35.png]
[template.gentechtreedesign.com/html/streamlab/red-html/images/asset-36.png]
[template.gentechtreedesign.com/html/streamlab/red-html/js/jquery-3.6.0.min.js]
[template.gentechtreedesign.com/html/streamlab/red-html/js/asyncloader.min.js]
[template.gentechtreedesign.com/html/streamlab/red-html/js/bootstrap.min.js]
[template.gentechtreedesign.com/html/streamlab/red-html/js/owl.carousel.min.js]
[template.gentechtreedesign.com/html/streamlab/red-html/js/jquery.waypoints.min.js]
[template.gentechtreedesign.com/html/streamlab/red-html/js/jquery.counterup.min.js]
[template.gentechtreedesign.com/html/streamlab/red-html/js/popper.min.js]
[template.gentechtreedesign.com/html/streamlab/red-html/js/swiper-bundle.min.js]
[template.gentechtreedesign.com/html/streamlab/red-html/js/isotope.pkgd.min.js]
[template.gentechtreedesign.com/html/streamlab/red-html/js/jquery.magnific-popup.min.js]
[template.gentechtreedesign.com/html/streamlab/red-html/js/slick.min.js]
[template.gentechtreedesign.com/html/streamlab/red-html/js/streamlab-core.js]
[template.gentechtreedesign.com/html/streamlab/red-html/js/script.js]
[template.gentechtreedesign.com/html/streamlab/red-html/movies-home.html]
[template.gentechtreedesign.com/html/streamlab/red-html/css/bootstrap.min.css]
[template.gentechtreedesign.com/html/streamlab/red-html/css/style.css]
[template.gentechtreedesign.com/html/streamlab/red-html/css/responsive.css]
[template.gentechtreedesign.com/html/streamlab/red-html/images/background/asset-1.jpg]
[template.gentechtreedesign.com/html/streamlab/red-html/animation.html]
[template.gentechtreedesign.com/html/streamlab/red-html/images/background/asset-3.jpg]
[template.gentechtreedesign.com/html/streamlab/red-html/adventure.html]
[template.gentechtreedesign.com/html/streamlab/red-html/biography.html]
[template.gentechtreedesign.com/html/streamlab/red-html/images/background/asset-15.jpg]
[template.gentechtreedesign.com/html/streamlab/red-html/images/background/asset-16.jpg]
[template.gentechtreedesign.com/html/streamlab/red-html/images/background/asset-17.jpg]
[template.gentechtreedesign.com/html/streamlab/red-html/comedy.html]
[template.gentechtreedesign.com/html/streamlab/red-html/images/background/asset-18.jpg]
[template.gentechtreedesign.com/html/streamlab/red-html/images/background/asset-19.jpg]
[template.gentechtreedesign.com/html/streamlab/red-html/images/background/asset-20.jpg]
[template.gentechtreedesign.com/html/streamlab/red-html/images/background/asset-21.jpg]
[template.gentechtreedesign.com/html/streamlab/red-html/images/background/asset-22.jpg]
[template.gentechtreedesign.com/html/streamlab/red-html/images/background/asset-23.jpg]
[template.gentechtreedesign.com/html/streamlab/red-html/images/background/asset-26.jpg]
[template.gentechtreedesign.com/html/streamlab/red-html/images/background/asset-27.jpg]
[template.gentechtreedesign.com/html/streamlab/red-html/images/background/asset-28.jpg]
[template.gentechtreedesign.com/html/streamlab/red-html/images/background/asset-37.jpg]
[template.gentechtreedesign.com/html/streamlab/red-html/horror.html]
[template.gentechtreedesign.com/html/streamlab/red-html/index.html]
[template.gentechtreedesign.com/html/streamlab/red-html/images/background/asset-77.jpg]
[template.gentechtreedesign.com/html/streamlab/red-html/images/background/asset-35.jpg]
[template.gentechtreedesign.com/html/streamlab/red-html/images/background/asset-68.jpg]
[template.gentechtreedesign.com/html/streamlab/red-html/images/background/asset-59.jpg]
[template.gentechtreedesign.com/html/streamlab/red-html/images/background/asset-62.jpg]
[template.gentechtreedesign.com/html/streamlab/red-html/tv-shows-home.html]
[template.gentechtreedesign.com/html/streamlab/red-html/images/background/asset-41.jpg]
[template.gentechtreedesign.com/html/streamlab/red-html/images/background/asset-36.jpg]
[template.gentechtreedesign.com/html/streamlab/red-html/images/background/asset-38.jpg]
[template.gentechtreedesign.com/html/streamlab/red-html/images/background/asset-43.jpg]
[template.gentechtreedesign.com/html/streamlab/red-html/tennis.html]
[template.gentechtreedesign.com/html/streamlab/red-html/images/background/asset-2.jpg]
[template.gentechtreedesign.com/html/streamlab/red-html/traveling.html]
[template.gentechtreedesign.com/html/streamlab/red-html/images/background/asset-39.jpg]
[template.gentechtreedesign.com/html/streamlab/red-html/images/background/asset-55.jpg]
[template.gentechtreedesign.com/html/streamlab/red-html/images/background/asset-56.jpg]
[template.gentechtreedesign.com/html/streamlab/red-html/images/background/asset-57.jpg]
[template.gentechtreedesign.com/html/streamlab/red-html/images/background/asset-58.jpg]
[template.gentechtreedesign.com/html/streamlab/red-html/images/background/asset-60.jpg]
[template.gentechtreedesign.com/html/streamlab/red-html/images/background/asset-42.jpg]
[template.gentechtreedesign.com/html/streamlab/red-html/video-home.html]
[template.gentechtreedesign.com/html/streamlab/red-html/images/background/asset-51.jpg]
[template.gentechtreedesign.com/html/streamlab/red-html/images/background/asset-46.jpg]
[template.gentechtreedesign.com/html/streamlab/red-html/movies-load-more.html]
[template.gentechtreedesign.com/html/streamlab/red-html/movies-infinite-scroll.html]
[template.gentechtreedesign.com/html/streamlab/red-html/movies-pagination.html]
[template.gentechtreedesign.com/html/streamlab/red-html/movies-style-1.html]
[template.gentechtreedesign.com/html/streamlab/red-html/movies-style-2.html]
[template.gentechtreedesign.com/html/streamlab/red-html/movies-style-3.html]
[template.gentechtreedesign.com/html/streamlab/red-html/single-movie.html]
[template.gentechtreedesign.com/html/streamlab/red-html/tv-shows-load-more.html]
[template.gentechtreedesign.com/html/streamlab/red-html/tv-shows-infinite-scroll.html]
[template.gentechtreedesign.com/html/streamlab/red-html/tv-shows-pagination.html]
[template.gentechtreedesign.com/html/streamlab/red-html/tv-shows-style-1.html]
[template.gentechtreedesign.com/html/streamlab/red-html/tv-shows-style-2.html]
[template.gentechtreedesign.com/html/streamlab/red-html/tv-shows-style-3.html]
[template.gentechtreedesign.com/html/streamlab/red-html/single-tv-shows.html]
[template.gentechtreedesign.com/html/streamlab/red-html/single-episode.html]
[template.gentechtreedesign.com/html/streamlab/red-html/images/background/asset-76.jpg]
[template.gentechtreedesign.com/html/streamlab/red-html/images/background/asset-49.jpg]
[template.gentechtreedesign.com/html/streamlab/red-html/video-load-more.html]
[template.gentechtreedesign.com/html/streamlab/red-html/video-infinite-scroll.html]
[template.gentechtreedesign.com/html/streamlab/red-html/video-pagination.html]
[template.gentechtreedesign.com/html/streamlab/red-html/videos-style-1.html]
[template.gentechtreedesign.com/html/streamlab/red-html/videos-style-2.html]
[template.gentechtreedesign.com/html/streamlab/red-html/videos-style-3.html]
[template.gentechtreedesign.com/html/streamlab/red-html/single-videos.html]
[template.gentechtreedesign.com/html/streamlab/red-html/blog-single.html]
[template.gentechtreedesign.com/html/streamlab/red-html/images/background/asset-47.jpg]
[template.gentechtreedesign.com/html/streamlab/red-html/images/background/asset-45.jpg]
[template.gentechtreedesign.com/html/streamlab/red-html/blog-left-sidebar.html]
[template.gentechtreedesign.com/html/streamlab/red-html/blog-right-sidebar.html]
[template.gentechtreedesign.com/html/streamlab/red-html/pricing-style-1.html]
[template.gentechtreedesign.com/html/streamlab/red-html/images/background/asset-54.jpg]
[template.gentechtreedesign.com/html/streamlab/red-html/pricing-style-2.html]
[template.gentechtreedesign.com/html/streamlab/red-html/contact-us.html]
[template.gentechtreedesign.com/html/streamlab/red-html/recover-password.html]
[template.gentechtreedesign.com/html/streamlab/red-html/log-in.html]
[template.gentechtreedesign.com/html/streamlab/red-html/register.html]
[template.gentechtreedesign.com/html/streamlab/red-html/library.html]
[template.gentechtreedesign.com/html/streamlab/red-html/upload-video.html]
[template.gentechtreedesign.com/html/streamlab/red-html/action.html]
[template.gentechtreedesign.com/html/streamlab/red-html/images/background/asset-14.jpg]
[template.gentechtreedesign.com/html/streamlab/red-html/images/background/asset-61.jpg]
[template.gentechtreedesign.com/html/streamlab/red-html/images/background/asset-7.jpg]
[template.gentechtreedesign.com/html/streamlab/red-html/drama.html]
[template.gentechtreedesign.com/html/streamlab/red-html/images/background/asset-8.jpg]
[template.gentechtreedesign.com/html/streamlab/red-html/images/background/asset-4.jpg]
[template.gentechtreedesign.com/html/streamlab/red-html/images/background/asset-11.jpg]
[template.gentechtreedesign.com/html/streamlab/red-html/fonts/fa-brands-400.eot]
[template.gentechtreedesign.com/html/streamlab/red-html/fonts/fa-brands-400.woff2]
[template.gentechtreedesign.com/html/streamlab/red-html/fonts/fa-brands-400d41d.eot]
[template.gentechtreedesign.com/html/streamlab/red-html/fonts/fa-brands-400.woff]
[template.gentechtreedesign.com/html/streamlab/red-html/fonts/fa-brands-400.ttf]
[template.gentechtreedesign.com/html/streamlab/red-html/fonts/fa-regular-400.eot]
[template.gentechtreedesign.com/html/streamlab/red-html/fonts/fa-regular-400d41d.eot]
[template.gentechtreedesign.com/html/streamlab/red-html/fonts/fa-regular-400.woff2]
[template.gentechtreedesign.com/html/streamlab/red-html/fonts/fa-regular-400.woff]
[template.gentechtreedesign.com/html/streamlab/red-html/fonts/fa-regular-400.ttf]
[template.gentechtreedesign.com/html/streamlab/red-html/fonts/fa-solid-900.eot]
[template.gentechtreedesign.com/html/streamlab/red-html/fonts/fa-solid-900.woff2]
[template.gentechtreedesign.com/html/streamlab/red-html/css/all.min.css]
[template.gentechtreedesign.com/html/streamlab/red-html/css/fontawesome.min.css]
[template.gentechtreedesign.com/html/streamlab/red-html/css/ionicons.min.css]
[template.gentechtreedesign.com/html/streamlab/red-html/css/slick.min.css]
[template.gentechtreedesign.com/html/streamlab/red-html/css/owl.carousel.min.css]
[template.gentechtreedesign.com/html/streamlab/red-html/css/magnific-popup.min.css]
[template.gentechtreedesign.com/html/streamlab/red-html/animation.html]
[template.gentechtreedesign.com/html/streamlab/red-html/adventure.html]
[template.gentechtreedesign.com/html/streamlab/red-html/biography.html]
[template.gentechtreedesign.com/html/streamlab/red-html/comedy.html]
[template.gentechtreedesign.com/html/streamlab/red-html/horror.html]
[template.gentechtreedesign.com/html/streamlab/red-html/tennis.html]
[template.gentechtreedesign.com/html/streamlab/red-html/traveling.html]
[template.gentechtreedesign.com/html/streamlab/red-html/blog-single.html]
[template.gentechtreedesign.com/html/streamlab/red-html/recover-password.html]
[template.gentechtreedesign.com/html/streamlab/red-html/fonts/fa-brands-400.svg]
[template.gentechtreedesign.com/html/streamlab/red-html/fonts/fa-regular-400.svg]
[template.gentechtreedesign.com/html/streamlab/red-html/fonts/fa-solid-900d41d.eot]
[template.gentechtreedesign.com/html/streamlab/red-html/images/background/asset-3.jpg]
[template.gentechtreedesign.com/html/streamlab/red-html/images/background/asset-15.jpg]
[template.gentechtreedesign.com/html/streamlab/red-html/images/background/asset-68.jpg]
[template.gentechtreedesign.com/html/streamlab/red-html/images/background/asset-59.jpg]
[template.gentechtreedesign.com/html/streamlab/red-html/images/background/asset-38.jpg]
[template.gentechtreedesign.com/html/streamlab/red-html/images/background/asset-39.jpg]
[template.gentechtreedesign.com/html/streamlab/red-html/images/background/asset-49.jpg]
[template.gentechtreedesign.com/html/streamlab/red-html/fonts/fa-solid-900.eot]
